1788367464.247758 client started (14713): version 3.7c, socket /private/tmp/tmux-501/default, protocol 8
1788367464.247857 on Darwin 24.6.0 Darwin Kernel Version 24.6.0: Tue Jul 21 20:51:25 PDT 2026; root:xnu-11417.140.69.711.44~1/RELEASE_ARM64_T8132
1788367464.247867 using libevent 2.1.13-stable select
1788367464.247908 using utf8proc 2.11.3
1788367464.248042 using jemalloc 5.3.1-0-g81034ce1f1373e37dc865038e1bc8eeecf559ce8
1788367464.248050 using ncurses 6.6 20251230
1788367464.248069 flags are 0x18010000
1788367464.248076 socket is /private/tmp/tmux-501/default
1788367464.248095 trying connect
1788367464.248128 connect failed: No such file or directory
1788367464.248147 lock file is /private/tmp/tmux-501/default.lock
1788367464.248256 flock succeeded
1788367464.248263 got lock (6)
1788367464.248270 trying connect
1788367464.248280 connect failed: No such file or directory
1788367464.249105 add peer 0x1031881c0: 7 (0x0)
1788367464.251622 sending message 111 to peer 0x1031881c0 (8 bytes)
1788367464.251636 sending message 111 to peer 0x1031881c0 (8 bytes)
1788367464.251648 sending message 101 to peer 0x1031881c0 (15 bytes)
1788367464.251656 sending message 109 to peer 0x1031881c0 (4 bytes)
1788367464.251663 sending message 102 to peer 0x1031881c0 (13 bytes)
1788367464.251670 sending message 108 to peer 0x1031881c0 (79 bytes)
1788367464.251676 sending message 112 to peer 0x1031881c0 (58 bytes)
1788367464.251682 sending message 112 to peer 0x1031881c0 (5 bytes)
1788367464.251687 sending message 112 to peer 0x1031881c0 (5 bytes)
1788367464.251694 sending message 112 to peer 0x1031881c0 (6 bytes)
1788367464.251700 sending message 112 to peer 0x1031881c0 (6 bytes)
1788367464.251706 sending message 112 to peer 0x1031881c0 (11 bytes)
1788367464.251712 sending message 112 to peer 0x1031881c0 (10 bytes)
1788367464.251719 sending message 112 to peer 0x1031881c0 (13 bytes)
1788367464.251725 sending message 112 to peer 0x1031881c0 (14 bytes)
1788367464.251731 sending message 112 to peer 0x1031881c0 (19 bytes)
1788367464.251737 sending message 112 to peer 0x1031881c0 (11 bytes)
1788367464.251743 sending message 112 to peer 0x1031881c0 (10 bytes)
1788367464.251748 sending message 112 to peer 0x1031881c0 (15 bytes)
1788367464.251754 sending message 112 to peer 0x1031881c0 (21 bytes)
1788367464.251760 sending message 112 to peer 0x1031881c0 (13 bytes)
1788367464.251766 sending message 112 to peer 0x1031881c0 (7 bytes)
1788367464.251771 sending message 112 to peer 0x1031881c0 (13 bytes)
1788367464.251777 sending message 112 to peer 0x1031881c0 (7 bytes)
1788367464.251783 sending message 112 to peer 0x1031881c0 (13 bytes)
1788367464.251789 sending message 112 to peer 0x1031881c0 (9 bytes)
1788367464.251795 sending message 112 to peer 0x1031881c0 (21 bytes)
1788367464.251800 sending message 112 to peer 0x1031881c0 (13 bytes)
1788367464.251806 sending message 112 to peer 0x1031881c0 (9 bytes)
1788367464.251812 sending message 112 to peer 0x1031881c0 (16 bytes)
1788367464.251818 sending message 112 to peer 0x1031881c0 (13 bytes)
1788367464.251823 sending message 112 to peer 0x1031881c0 (9 bytes)
1788367464.251830 sending message 112 to peer 0x1031881c0 (9 bytes)
1788367464.251835 sending message 112 to peer 0x1031881c0 (12 bytes)
1788367464.251841 sending message 112 to peer 0x1031881c0 (8 bytes)
1788367464.251847 sending message 112 to peer 0x1031881c0 (8 bytes)
1788367464.251853 sending message 112 to peer 0x1031881c0 (13 bytes)
1788367464.251859 sending message 112 to peer 0x1031881c0 (7 bytes)
1788367464.251864 sending message 112 to peer 0x1031881c0 (7 bytes)
1788367464.251870 sending message 112 to peer 0x1031881c0 (9 bytes)
1788367464.251876 sending message 112 to peer 0x1031881c0 (9 bytes)
1788367464.251886 sending message 112 to peer 0x1031881c0 (15 bytes)
1788367464.251892 sending message 112 to peer 0x1031881c0 (13 bytes)
1788367464.251898 sending message 112 to peer 0x1031881c0 (12 bytes)
1788367464.251904 sending message 112 to peer 0x1031881c0 (8 bytes)
1788367464.251910 sending message 112 to peer 0x1031881c0 (14 bytes)
1788367464.251915 sending message 112 to peer 0x1031881c0 (11 bytes)
1788367464.251931 sending message 112 to peer 0x1031881c0 (9 bytes)
1788367464.251936 sending message 112 to peer 0x1031881c0 (10 bytes)
1788367464.251941 sending message 112 to peer 0x1031881c0 (10 bytes)
1788367464.251945 sending message 112 to peer 0x1031881c0 (10 bytes)
1788367464.251950 sending message 112 to peer 0x1031881c0 (10 bytes)
1788367464.251954 sending message 112 to peer 0x1031881c0 (11 bytes)
1788367464.251958 sending message 112 to peer 0x1031881c0 (12 bytes)
1788367464.251963 sending message 112 to peer 0x1031881c0 (12 bytes)
1788367464.251967 sending message 112 to peer 0x1031881c0 (12 bytes)
1788367464.251971 sending message 112 to peer 0x1031881c0 (12 bytes)
1788367464.251976 sending message 112 to peer 0x1031881c0 (12 bytes)
1788367464.251980 sending message 112 to peer 0x1031881c0 (11 bytes)
1788367464.251985 sending message 112 to peer 0x1031881c0 (11 bytes)
1788367464.251989 sending message 112 to peer 0x1031881c0 (12 bytes)
1788367464.251993 sending message 112 to peer 0x1031881c0 (12 bytes)
1788367464.251998 sending message 112 to peer 0x1031881c0 (12 bytes)
1788367464.252002 sending message 112 to peer 0x1031881c0 (12 bytes)
1788367464.252007 sending message 112 to peer 0x1031881c0 (12 bytes)
1788367464.252011 sending message 112 to peer 0x1031881c0 (9 bytes)
1788367464.252016 sending message 112 to peer 0x1031881c0 (12 bytes)
1788367464.252021 sending message 112 to peer 0x1031881c0 (13 bytes)
1788367464.252026 sending message 112 to peer 0x1031881c0 (13 bytes)
1788367464.252031 sending message 112 to peer 0x1031881c0 (13 bytes)
1788367464.252035 sending message 112 to peer 0x1031881c0 (13 bytes)
1788367464.252039 sending message 112 to peer 0x1031881c0 (13 bytes)
1788367464.252044 sending message 112 to peer 0x1031881c0 (8 bytes)
1788367464.252048 sending message 112 to peer 0x1031881c0 (11 bytes)
1788367464.252053 sending message 112 to peer 0x1031881c0 (11 bytes)
1788367464.252058 sending message 112 to peer 0x1031881c0 (11 bytes)
1788367464.252062 sending message 112 to peer 0x1031881c0 (12 bytes)
1788367464.252067 sending message 112 to peer 0x1031881c0 (12 bytes)
1788367464.252071 sending message 112 to peer 0x1031881c0 (12 bytes)
1788367464.252076 sending message 112 to peer 0x1031881c0 (12 bytes)
1788367464.252080 sending message 112 to peer 0x1031881c0 (13 bytes)
1788367464.252084 sending message 112 to peer 0x1031881c0 (13 bytes)
1788367464.252089 sending message 112 to peer 0x1031881c0 (13 bytes)
1788367464.252093 sending message 112 to peer 0x1031881c0 (8 bytes)
1788367464.252098 sending message 112 to peer 0x1031881c0 (13 bytes)
1788367464.252102 sending message 112 to peer 0x1031881c0 (13 bytes)
1788367464.252106 sending message 112 to peer 0x1031881c0 (13 bytes)
1788367464.252110 sending message 112 to peer 0x1031881c0 (13 bytes)
1788367464.252114 sending message 112 to peer 0x1031881c0 (13 bytes)
1788367464.252119 sending message 112 to peer 0x1031881c0 (12 bytes)
1788367464.252123 sending message 112 to peer 0x1031881c0 (12 bytes)
1788367464.252128 sending message 112 to peer 0x1031881c0 (12 bytes)
1788367464.252132 sending message 112 to peer 0x1031881c0 (12 bytes)
1788367464.252137 sending message 112 to peer 0x1031881c0 (13 bytes)
1788367464.252142 sending message 112 to peer 0x1031881c0 (8 bytes)
1788367464.252146 sending message 112 to peer 0x1031881c0 (13 bytes)
1788367464.252151 sending message 112 to peer 0x1031881c0 (13 bytes)
1788367464.252155 sending message 112 to peer 0x1031881c0 (13 bytes)
1788367464.252160 sending message 112 to peer 0x1031881c0 (13 bytes)
1788367464.252165 sending message 112 to peer 0x1031881c0 (13 bytes)
1788367464.252169 sending message 112 to peer 0x1031881c0 (13 bytes)
1788367464.252174 sending message 112 to peer 0x1031881c0 (13 bytes)
1788367464.252178 sending message 112 to peer 0x1031881c0 (12 bytes)
1788367464.252183 sending message 112 to peer 0x1031881c0 (12 bytes)
1788367464.252187 sending message 112 to peer 0x1031881c0 (12 bytes)
1788367464.252192 sending message 112 to peer 0x1031881c0 (8 bytes)
1788367464.252202 sending message 112 to peer 0x1031881c0 (12 bytes)
1788367464.252207 sending message 112 to peer 0x1031881c0 (13 bytes)
1788367464.252211 sending message 112 to peer 0x1031881c0 (13 bytes)
1788367464.252216 sending message 112 to peer 0x1031881c0 (13 bytes)
1788367464.252221 sending message 112 to peer 0x1031881c0 (13 bytes)
1788367464.252226 sending message 112 to peer 0x1031881c0 (13 bytes)
1788367464.252230 sending message 112 to peer 0x1031881c0 (13 bytes)
1788367464.252235 sending message 112 to peer 0x1031881c0 (13 bytes)
1788367464.252239 sending message 112 to peer 0x1031881c0 (13 bytes)
1788367464.252243 sending message 112 to peer 0x1031881c0 (12 bytes)
1788367464.252247 sending message 112 to peer 0x1031881c0 (10 bytes)
1788367464.252252 sending message 112 to peer 0x1031881c0 (12 bytes)
1788367464.252256 sending message 112 to peer 0x1031881c0 (12 bytes)
1788367464.252261 sending message 112 to peer 0x1031881c0 (12 bytes)
1788367464.252265 sending message 112 to peer 0x1031881c0 (13 bytes)
1788367464.252270 sending message 112 to peer 0x1031881c0 (13 bytes)
1788367464.252274 sending message 112 to peer 0x1031881c0 (13 bytes)
1788367464.252279 sending message 112 to peer 0x1031881c0 (13 bytes)
1788367464.252283 sending message 112 to peer 0x1031881c0 (13 bytes)
1788367464.252288 sending message 112 to peer 0x1031881c0 (13 bytes)
1788367464.252292 sending message 112 to peer 0x1031881c0 (13 bytes)
1788367464.252296 sending message 112 to peer 0x1031881c0 (10 bytes)
1788367464.252301 sending message 112 to peer 0x1031881c0 (13 bytes)
1788367464.252305 sending message 112 to peer 0x1031881c0 (12 bytes)
1788367464.252309 sending message 112 to peer 0x1031881c0 (12 bytes)
1788367464.252313 sending message 112 to peer 0x1031881c0 (12 bytes)
1788367464.252317 sending message 112 to peer 0x1031881c0 (10 bytes)
1788367464.252321 sending message 112 to peer 0x1031881c0 (10 bytes)
1788367464.252325 sending message 112 to peer 0x1031881c0 (10 bytes)
1788367464.252329 sending message 112 to peer 0x1031881c0 (12 bytes)
1788367464.252332 sending message 112 to peer 0x1031881c0 (13 bytes)
1788367464.252336 sending message 112 to peer 0x1031881c0 (13 bytes)
1788367464.252339 sending message 112 to peer 0x1031881c0 (13 bytes)
1788367464.252343 sending message 112 to peer 0x1031881c0 (13 bytes)
1788367464.252346 sending message 112 to peer 0x1031881c0 (13 bytes)
1788367464.252350 sending message 112 to peer 0x1031881c0 (10 bytes)
1788367464.252353 sending message 112 to peer 0x1031881c0 (11 bytes)
1788367464.252358 sending message 112 to peer 0x1031881c0 (12 bytes)
1788367464.252361 sending message 112 to peer 0x1031881c0 (12 bytes)
1788367464.252365 sending message 112 to peer 0x1031881c0 (12 bytes)
1788367464.252369 sending message 112 to peer 0x1031881c0 (12 bytes)
1788367464.252373 sending message 112 to peer 0x1031881c0 (12 bytes)
1788367464.252376 sending message 112 to peer 0x1031881c0 (11 bytes)
1788367464.252380 sending message 112 to peer 0x1031881c0 (12 bytes)
1788367464.252384 sending message 112 to peer 0x1031881c0 (12 bytes)
1788367464.252388 sending message 112 to peer 0x1031881c0 (13 bytes)
1788367464.252391 sending message 112 to peer 0x1031881c0 (13 bytes)
1788367464.252394 sending message 112 to peer 0x1031881c0 (13 bytes)
1788367464.252398 sending message 112 to peer 0x1031881c0 (13 bytes)
1788367464.252402 sending message 112 to peer 0x1031881c0 (13 bytes)
1788367464.252406 sending message 112 to peer 0x1031881c0 (10 bytes)
1788367464.252409 sending message 112 to peer 0x1031881c0 (9 bytes)
1788367464.252413 sending message 112 to peer 0x1031881c0 (12 bytes)
1788367464.252417 sending message 112 to peer 0x1031881c0 (13 bytes)
1788367464.252421 sending message 112 to peer 0x1031881c0 (13 bytes)
1788367464.252425 sending message 112 to peer 0x1031881c0 (13 bytes)
1788367464.252429 sending message 112 to peer 0x1031881c0 (13 bytes)
1788367464.252433 sending message 112 to peer 0x1031881c0 (13 bytes)
1788367464.252437 sending message 112 to peer 0x1031881c0 (9 bytes)
1788367464.252447 sending message 112 to peer 0x1031881c0 (12 bytes)
1788367464.252452 sending message 112 to peer 0x1031881c0 (13 bytes)
1788367464.252456 sending message 112 to peer 0x1031881c0 (13 bytes)
1788367464.252460 sending message 112 to peer 0x1031881c0 (13 bytes)
1788367464.252464 sending message 112 to peer 0x1031881c0 (13 bytes)
1788367464.252468 sending message 112 to peer 0x1031881c0 (13 bytes)
1788367464.252473 sending message 112 to peer 0x1031881c0 (11 bytes)
1788367464.252477 sending message 112 to peer 0x1031881c0 (12 bytes)
1788367464.252482 sending message 112 to peer 0x1031881c0 (13 bytes)
1788367464.252486 sending message 112 to peer 0x1031881c0 (13 bytes)
1788367464.252490 sending message 112 to peer 0x1031881c0 (13 bytes)
1788367464.252495 sending message 112 to peer 0x1031881c0 (13 bytes)
1788367464.252499 sending message 112 to peer 0x1031881c0 (13 bytes)
1788367464.252503 sending message 112 to peer 0x1031881c0 (11 bytes)
1788367464.252507 sending message 112 to peer 0x1031881c0 (12 bytes)
1788367464.252512 sending message 112 to peer 0x1031881c0 (12 bytes)
1788367464.252516 sending message 112 to peer 0x1031881c0 (12 bytes)
1788367464.252521 sending message 112 to peer 0x1031881c0 (12 bytes)
1788367464.252525 sending message 112 to peer 0x1031881c0 (12 bytes)
1788367464.252529 sending message 112 to peer 0x1031881c0 (21 bytes)
1788367464.252533 sending message 112 to peer 0x1031881c0 (12 bytes)
1788367464.252538 sending message 112 to peer 0x1031881c0 (9 bytes)
1788367464.252542 sending message 112 to peer 0x1031881c0 (6 bytes)
1788367464.252546 sending message 112 to peer 0x1031881c0 (13 bytes)
1788367464.252551 sending message 112 to peer 0x1031881c0 (10 bytes)
1788367464.252555 sending message 112 to peer 0x1031881c0 (24 bytes)
1788367464.252560 sending message 112 to peer 0x1031881c0 (13 bytes)
1788367464.252564 sending message 112 to peer 0x1031881c0 (9 bytes)
1788367464.252569 sending message 112 to peer 0x1031881c0 (70 bytes)
1788367464.252573 sending message 112 to peer 0x1031881c0 (69 bytes)
1788367464.252578 sending message 112 to peer 0x1031881c0 (12 bytes)
1788367464.252581 sending message 112 to peer 0x1031881c0 (10 bytes)
1788367464.252586 sending message 112 to peer 0x1031881c0 (10 bytes)
1788367464.252590 sending message 112 to peer 0x1031881c0 (24 bytes)
1788367464.252594 sending message 112 to peer 0x1031881c0 (13 bytes)
1788367464.252597 sending message 112 to peer 0x1031881c0 (10 bytes)
1788367464.252601 sending message 112 to peer 0x1031881c0 (10 bytes)
1788367464.252605 sending message 112 to peer 0x1031881c0 (10 bytes)
1788367464.252609 sending message 112 to peer 0x1031881c0 (13 bytes)
1788367464.252614 sending message 112 to peer 0x1031881c0 (15 bytes)
1788367464.252619 sending message 112 to peer 0x1031881c0 (5 bytes)
1788367464.252627 sending message 104 to peer 0x1031881c0 (0 bytes)
1788367464.252632 sending message 110 to peer 0x1031881c0 (0 bytes)
1788367464.252637 sending message 107 to peer 0x1031881c0 (4 bytes)
1788367464.252641 sending message 105 to peer 0x1031881c0 (57 bytes)
1788367464.252646 sending message 105 to peer 0x1031881c0 (40 bytes)
1788367464.252651 sending message 105 to peer 0x1031881c0 (14 bytes)
1788367464.252655 sending message 105 to peer 0x1031881c0 (20 bytes)
1788367464.252660 sending message 105 to peer 0x1031881c0 (64 bytes)
1788367464.252664 sending message 105 to peer 0x1031881c0 (66 bytes)
1788367464.252668 sending message 105 to peer 0x1031881c0 (19 bytes)
1788367464.252672 sending message 105 to peer 0x1031881c0 (28 bytes)
1788367464.252677 sending message 105 to peer 0x1031881c0 (27 bytes)
1788367464.252681 sending message 105 to peer 0x1031881c0 (53 bytes)
1788367464.252685 sending message 105 to peer 0x1031881c0 (15 bytes)
1788367464.252689 sending message 105 to peer 0x1031881c0 (28 bytes)
1788367464.252693 sending message 105 to peer 0x1031881c0 (24 bytes)
1788367464.252698 sending message 105 to peer 0x1031881c0 (21 bytes)
1788367464.252702 sending message 105 to peer 0x1031881c0 (371 bytes)
1788367464.252707 sending message 105 to peer 0x1031881c0 (8 bytes)
1788367464.252720 sending message 105 to peer 0x1031881c0 (83 bytes)
1788367464.252724 sending message 105 to peer 0x1031881c0 (30 bytes)
1788367464.252728 sending message 105 to peer 0x1031881c0 (30 bytes)
1788367464.252733 sending message 105 to peer 0x1031881c0 (37 bytes)
1788367464.252737 sending message 105 to peer 0x1031881c0 (34 bytes)
1788367464.252741 sending message 105 to peer 0x1031881c0 (140 bytes)
1788367464.252746 sending message 105 to peer 0x1031881c0 (35 bytes)
1788367464.252750 sending message 105 to peer 0x1031881c0 (17 bytes)
1788367464.252754 sending message 105 to peer 0x1031881c0 (25 bytes)
1788367464.252759 sending message 106 to peer 0x1031881c0 (0 bytes)
1788367464.252855 sending message 200 to peer 0x1031881c0 (4 bytes)
1788367464.252867 client loop enter
1788367464.252903 client_signal: Child exited: 20
1788367464.314250 peer 0x1031881c0 message 207
1788367464.314264 sending message 208 to peer 0x1031881c0 (0 bytes)
1788367479.710274 peer 0x1031881c0 message 203
1788367479.710305 sending message 205 to peer 0x1031881c0 (0 bytes)
1788367479.710565 peer 0x1031881c0 message 204
1788367479.710579 client loop exit
